Wed, Sep 18, 2019 10:27:38
